// Jest Snapshot v1, https://goo.gl/fbAQLP

exports[`renders Form correctly 1`] = `
<section
  className="section"
>
  <form
    className="container"
    onSubmit={[Function]}
  >
    <div
      className="columns"
    >
      <div
        className="field has-addons column is-8 is-offset-2"
      >
        <div
          className="control is-expanded"
        >
          <input
            className="input"
            onChange={[Function]}
            onPaste={[Function]}
            placeholder="Past a link to shorten it"
            type="text"
            value=""
          />
        </div>
        <div
          className="control"
        >
          <button
            className="button is-primary"
            type="submit"
          >
            Shorten
          </button>
        </div>
      </div>
    </div>
  </form>
</section>
`;
